---
source: crates/swegov-opendata-preprocess/tests/api/preprocess_rd_json.rs
expression: xmlstring
---
<dokument xmlns="" dok_id="GL11103" dokument_url_html="http://data.riksdagen.se/dokument/GL11103" dokument_url_text="http://data.riksdagen.se/dokument/GL11103/text" dokumentstatus_url_xml="http://data.riksdagen.se/dokumentstatus/GL11103">
  <text beteckning="103" datatyp="huvuddokument" datum="1998-01-01 00:00:00" dokumentnamn="" hangar_id="2429483" nummer="103" organ="m" publicerad="1998-01-01 00:00:00" rm="1997/98" slutnummer="0" status="" subtyp="" systemdatum="2009-03-31 14:21:38" title="projektbidrag " typ="fr">
    <p>
      <b>Fråga 1997/98:103</b> av<i>Bertil Persson</i> (m) till finansministern om projektbidrag</p>
    <p>De statliga anslagen till den reguljära verksamheten i kommuner, landsting och högskolor minskar successivt. Anslagen till olika projekt minskar däremot sällan, och i en del fall ökar de rent av i reella termer. På fältet kallas dessa anslag &quot;Funny-Money&quot;. Alltmer av tid och kreativitet måste nu i kommuner, landsting och högskolor ägnas åt att försöka finansiera verksamheten via denna form av medel. Det har utvecklats en ritual av speciella kodord nödvändiga i ansökningarna. Tidigare gällde det ord som helhetssyn och rättvisa. Numera handlar det om nyckelorden samverkan, ökat självförtroende, våld och segregation. Denna form av ritual kostar både tid och arbete, och detta både ute på fältet och vid centrala myndigheter.</p>
    <p>Min fråga är:</p>
    <p>Är finansministern beredd att utreda möjligheterna att överföra stora delar av projektanslagen till den ordinarie medelsfördelningen?</p>
  </text>
</dokument>
