---
source: crates/swegov-opendata-preprocess/tests/api/preprocess_rd_json.rs
expression: xmlstring
---
<dokument xmlns="" dok_id="H410591" dokument_url_html="http://data.riksdagen.se/dokument/H410591" dokument_url_text="http://data.riksdagen.se/dokument/H410591/text" dokumentstatus_url_xml="http://data.riksdagen.se/dokumentstatus/H410591">
  <text beteckning="591" datatyp="huvuddokument" datum="2017-08-14 00:00:00" dokumentnamn="Interpellation" hangar_id="4754693" intressent_id="|0473783431010|0473783431010|0308306375022|" intressent_namn="|Justitie- och inrikesminister Morgan Johansson|Justitie- och inrikesminister Morgan Johansson|Roger Haddad|" intressent_namn_parti="|Justitie- och inrikesminister Morgan Johansson (S)|Justitie- och inrikesminister Morgan Johansson (S)|Roger Haddad (L)|" intressent_namn_parti_id_roll="|Justitie- och inrikesminister Morgan Johansson (S), 0473783431010, besvaradav|Justitie- och inrikesminister Morgan Johansson (S), 0473783431010, stalldtill|Roger Haddad (L), 0308306375022, undertecknare|" intressent_parti="|L|S|" nummer="591" organ="L" publicerad="2017-08-14 00:00:00" rm="2016/17" slutnummer="0" status="Besvarad" subtyp="" systemdatum="2017-09-15 11:10:16" title="Regeringens åtgärder kring återvändare som stridit för IS" typ="ip">
    <p>Interpellation 2016/17:591 Regeringens åtgärder kring återvändare som stridit för IS</p>
    <p>av<i>Roger Haddad (L)</i>
    </p>
    <p>till Justitie- och inrikesminister Morgan Johansson (S)</p>
    <p>Nyligen medverkadejustitie- och inrikesministern i SVT Aktuellt för att kommentera att regeringen nu vidtar skärpta åtgärder mot återvändande som stridit för Islamiska statens terrorism. Regeringen kommenterade frågan om avhopp och att staten nu ska ta ett större ansvar. Hur detta ska fungera i praktiken framgick inte i inslaget inte heller konkret vad det var regeringen fattat beslut om som inte tidigare varit känt i exempelvis den senaste överenskommelsen om åtgärder mot terrorism.</p>
    <p>Mot bakgrund av detta vill jag ställa följande frågor till justitie- och inrikesminister Morgan Johansson:</p>
    <p>1. Vem kommer samlat att ansvara nationellt för att hantera s.k. IS-återvändare?</p>
    <p>2. Vilka nya skärpta regler, som inte tillämpas redan i dag, kommerinföras gentemot de personer som finns på Säkerhetspolisens lista?</p>
    <p>3. Delar regeringen Liberalernas uppfattning att alla som återvänder obligatoriskt ska granskas av rättsväsendet?</p>
    <p>4. Vilka andra åtgärder vidtar regeringen för att komma åt problemet med inhemsk extremism, något som ökat dramatiskt enligt en reviderad rapport från Säkerhetspolisen?</p>
  </text>
  <text anf_video_id="6F7BB4DB-22EA-4927-9F53-4397F6DF7FC8" beteckning="2016/17:5-21" datatyp="anforande" datum="2017-09-15 10:03:28" debatt_id="03F11EAC-D485-40E1-B6BA-13E9F0409DF9" debatt_titel="" debatt_typ="Interpellationssvar" dok_beteckning="591" dok_id="H410591" dok_intressent="" hangar_id="4539110" id="6F7BB4DB-22EA-4927-9F53-4397F6DF7FC8" intressent_id="d7c32690-83e4-11d4-ae60-0050040c9b55" klockslag="10:03:28" kon="male" nummer="21" parent_id="03F11EAC-D485-40E1-B6BA-13E9F0409DF9" parti="S" rm="2016/17" sekunder="208" systemdatum="2022-05-22 10:52:08" talare="Justitie- och inrikesminister Morgan Johansson (S)" typ="speech" video_id="03F11EAC-D485-40E1-B6BA-13E9F0409DF9" video_url="03F11EAC-D485-40E1-B6BA-13E9F0409DF9#4" voteringspunkt="">
    <p>Herr talman! Att traineejobben blir färre på grund av att antalet arbetslösa ungdomar blir lägre tycker jag faktiskt är en bra utveckling. Det är inte särskilt många ungdomar med gymnasieutbildning som inte har ett jobb. Därför blir det heller inte så många traineejobb, som var riktade mot dessa ungdomar.</p>
    <p>Det är uppenbart att regeringens politik för fler jobb har effekt. Vi ser en sjunkande arbetslöshet. Vi ser den lägsta ungdomsarbetslösheten på 13år. Vi ser en sjunkande långtidsarbetslöshet bland vuxna, och vi ser den högsta sysselsättningsgraden i EU. Vi ser 120000 nya jobb som har skapats under två år.</p>
    <p>Det är naturligtvis viktigt att regeringen fortsätter detta arbete. Vi är inte nöjda med dagens arbetslöshet eller med den som ligger i prognoserna. Vi kommer att fortsätta att leverera fler jobb och bättre reformer för att fler ska komma i sysselsättning i varenda produkt som jag kommer att lägga fram på den här riksdagens bord.</p>
    <p>(Applåder)</p>
  </text>
  <text anf_video_id="996C60FF-80D0-4429-B93D-046D0C3B19F7" beteckning="2016/17:5-22" datatyp="anforande" datum="2017-09-15 10:07:00" debatt_id="03F11EAC-D485-40E1-B6BA-13E9F0409DF9" debatt_titel="" debatt_typ="Interpellationssvar" dok_beteckning="591" dok_id="H410591" dok_intressent="" hangar_id="4539111" id="996C60FF-80D0-4429-B93D-046D0C3B19F7" intressent_id="521898f1-51de-46ff-8701-d28b8a0e651d" klockslag="10:07:00" kon="male" nummer="22" parent_id="03F11EAC-D485-40E1-B6BA-13E9F0409DF9" parti="L" rm="2016/17" sekunder="228" systemdatum="2022-05-22 10:52:10" talare="Roger Haddad (L)" typ="speech" video_id="03F11EAC-D485-40E1-B6BA-13E9F0409DF9" video_url="03F11EAC-D485-40E1-B6BA-13E9F0409DF9#216" voteringspunkt="">
    <p>Herr talman! I november väljer USA en ny president. Aldrig i modern tid har frihandel och öppenhet varit så ifrågasatt i världens största ekonomi som just nu.</p>
    <p>USA är inget undantag - listan på ekonomiska och politiska risker i Sveriges omvärld blir bara längre och längre. Europas ekonomiska kris övergår nu i politisk splittring, samtidigt som förhandlingarna om brexit ska starta. I såväl Kina som Ryssland finns minst lika starka skäl att oroa sig över den politiska och militära utvecklingen som över den rent ekonomiska. Allt detta påverkar ett litet land som bygger sitt välstånd på internationell handel och framgångsrika exportföretag.</p>
    <p>Men även här hemma kryper olustkänslorna fram. Höga bnp-siffror svärtas av brinnande bilar, socialt utanförskap och alltmer uppenbara integrationsproblem. Dåliga skolor, skottlossning och vardagsbrott som inte ens utreds dominerar i dag många svenskars vardagssamtal. Vi har fått skuggsamhällen, organiserad bolagiserad brottslighet som tar sig in i myndigheter, skattebrott och bidragsfusk i alltmer avancerade former. Många har det bra i Sverige, men allt fler tycker ändå att Sverige utvecklas åt fel håll.</p>
    <p>Om inte det politiska samtalet här inne - och ledarskapet! - tar detta på allvar och börjar ägna mer kraft åt de stora frågorna och mindre åt de små kan vi förlora någonting fundamentalt i Sverige: tilliten och respekten för att politiken, trots åsiktsskillnader, faktiskt löser allvarliga problem. Jag är oroad över att legitimiteten i det svenska samhällsbygget tar skada just nu. Den tar generationer att bygga upp igen.</p>
    <p>Debatt med anledning av budgetpropositionens avlämnande</p>
    <p>Herr talman! Förutsättningen för att kunna lösa samhällsproblem är att se dem, förstå dem, erkänna dem och peka på möjliga vägar ur dem. Ledarskap är inte att exploatera oro utan att ta oron på allvar och prioritera och fokusera på det som är riktigt viktigt för vårt land. Men då måste man ha en plan, och den här regeringen är planlös. Den förmår inte och den vill inte prioritera och fokusera. Den irrar faktiskt omkring.</p>
    <p>Förra veckans regeringsförklaring innehöll 3795 ord men missade likväl två. Inte en enda gång nämndes utanförskapet, och inte heller ordet integration. Regeringen noterar inte de två mest uppenbara problem som vårt land står inför. Tvärtom förringar och bagatelliserar de dem. När Moderaterna påpekar att motsvarande 1 miljon människor riskerar att få leva på bidrag förklarar regeringen ökningen med att influensa också ingår i statistiken. När vi berättar att 260000 utrikes födda saknar gymnasieutbildning och att 200000 av dem är över 35 år gamla - samtidigt som arbetslösheten är skyhög - medger regeringen motvilligt att några få tusen skulle kunna behöva ett enkelt jobb för att ta sig in, men regeringen har ingen plan ens för detta. Det är inte ledarskap; det är aningslöshet.</p>
    <p>I stället var regeringsförklaringen fylld av sönderkompromissad symbolpolitik som undviker alla stora problem: en ny jämställdhetsmyndighet, tvångskvotering i ett par hundra börsbolag och arkitekturpolicy för hållbara stadsmiljöer. Jag ironiserar faktiskt inte. Man kan tycka olika i sak, men detta är fel fokus i svensk politik.</p>
    <p>Herr talman! I den här budgeten saknas långsiktiga reformer som kan bygga Sverige starkare. Det saknas reformer som sätter fler i arbete och bryter bidragsberoendet, och det saknas reformer som ser till att andra generationens invandrare får bättre kunskaper i svenska och om Sverige än vad deras föräldrar kunde få. Det saknas reformer som i goda tider bygger upp svensk ekonomi inför nästa kris.</p>
    <p>Låt mig peka på tre allvarliga brister i regeringens ekonomiska politik just nu! I år går Sveriges ekonomi in i högkonjunktur, men utvecklingen har inte uppstått i ett vakuum. Det var 90-talets strukturreformer, klok hantering av finanskrisen, ökande sysselsättning och minskat utanförskap som lade grunden för dagens tillväxt.</p>
    <p>Men regeringens nuvarande ekonomiska politik är inte hållbar. Om Sverige har negativa räntor och expansiv finanspolitik vid hög tillväxt, och när den konjunkturberoende arbetslösheten är nära noll, vad ska då Finansdepartementet göra när Sverige har låg tillväxt och stigande arbetslöshet? Regeringen för en ekonomisk politik som om vårt land aldrig mer kommer att drabbas av en kris.</p>
    <p>Regeringen missköter dessutom de offentliga finanserna. Sju partier kom i juni överens om ett nytt överskottsmål, men regeringen lånar till nya utgifter och ökar underskottet i svensk ekonomi nästa år. Krona för krona innebär att man tar ansvar för att finansiera sina reformer. Om man vill öka utgifterna på ett område minskar man dem på ett annat. De flesta ekonomer är överens om att det i detta läge är det ansvarsfulla sättet att hantera ekonomin. Moderaterna accepterade inte att regeringen ville överge hela principen om överskott i offentliga finanser. Vi kommer inte heller att tumma på principen att det är i goda tider man rustar sig för dåliga tider. Det är mer arbete - inte mera lån - som hållbart betalar framtidens välfärd.</p>
    <p>Herr talman! Det andra felet är att regeringen underskattar de problem Sverige nu står inför. Regeringen är nöjd med sina siffror, men svenska folket är inte lika nöjt med samhällsutvecklingen. Integrationen av flera hundra tusen nyanlända är de kommande årens allra största politiska uppgift. Om inte fler jobbar och både försörjer sig själva och bidrar med skatter urholkas grunden för välfärdslandet Sverige. Vi har hög arbetslöshet bland människor som inte har de färdigheter som nu efterfrågas men som inte heller tillåts börja ett nytt yrkesliv med ett enklare jobb. Regeringen halverar RUT-avdraget och tar med kirurgisk precision ett steg i precis fel riktning.</p>
    <p>Debatt med anledning av budgetpropositionens avlämnande</p>
    <p>Många barn får inte se sina föräldrar gå till jobbet i början av dagen och sedan få lön i slutet av månaden. Då går utanförskap i arv. Ännu värre segregation leder till allt större problem i våra skolor, och i var tredje kommun är arbetslösheten bland utrikes födda över 30 procent. Medan risken för socialbidragsberoende är en av hundra bland inrikes födda är den tio av hundra bland utrikes födda. Detta är farligt. Helt vanliga människor, som tidigare trott på ett internationellt, öppet och framgångsrikt Sverige, börjar i stället tro på enkla lösningar. Tar man inte de signalerna på allvar förstår man inte vad som händer just nu i Sverige.</p>
    <p>(Applåder)</p>
    <p>Inte heller i skolan förstår regeringen vidden av uppgiften. Många skolor är bra, och det går bra för många elever, men för andra går det riktigt dåligt. Var sjunde elev lämnar grundskolan utan gymnasiebehörighet. Av de barn som kommer till Sverige efter skolstart misslyckas fler än hälften.</p>
    <p>Forskning lär oss att inga barn far så illa av att lämna nian utan fullständiga betyg som de utsatta barnen - de som hade det svårt redan från början. Mer matte, mer svenska och fler bra lärare är nödvändigt för att vända utvecklingen. Då duger inte hittepåreformer, till exempel att döpa om lediga dagar till läslov.</p>
    <p>Regeringen väljer bort kvalitets- och kunskapsreformer och lägger sin kraft på symbolpolitik. Obegripliga procentuella vinsttak kommer att stänga bra friskolor, när Sverige borde höja kvaliteten på alla Sveriges skolor.</p>
    <p>Det tredje stora problemet, herr talman, är att regeringen minskar viljan att arbeta. I stället höjer regeringen bidragen och höjer marginalskatten för 1,3miljoner svenskar. Det är inga höginkomsttagare. Fyra av tio är poliser och barnmorskor. Det är en massa hantverkare och de allra flesta ingenjörerna. Efter tre års skattehöjningar handlar det om nästan 19000kronor mindre för en barnfamilj. Om det blir mindre lönsamt att jobba minskar lusten att jobba heltid, att ta mer ansvar eller att utbilda sig en gång till. Det är dålig ekonomisk politik i ett land som konkurrerar just med kompetens.</p>
    <p>När den demografiska utvecklingen talar för högre pensionsålder och bättre incitament för äldre att jobba mer bestraffar regeringen dem över 65 med en alldeles speciell löneskatt. Regeringen minskar alltså äldres vilja att jobba när Sverige tvärtom borde ta till vara just deras erfarenhet.</p>
    <p>Sverige är ett fantastiskt land, och vi har löst svåra problem förut. Man måste kunna ändra politiken när den inte längre fungerar. I välfärdslandet Sverige förenar vi starka värderingar med pragmatiska lösningar.</p>
    <p>Därför ska Sverige bekämpa både bidragsfusk och skattefusk samt värna både arbetsmoral och skattemoral. Nu är arbetsuppgiften att bygga ett starkare Sverige i en mycket orolig omvärld med starkare företag, starkare familjer, starkare offentliga finanser, en starkare rättsstat och ett starkare försvar. I valet om två år prövas vilka som vill ta sig an precis den uppgiften och vilka som bara är nöjda eller hoppas att allt snart blåser över.</p>
    <p>Debatt med anledning av budgetpropositionens avlämnande</p>
    <p>(Applåder)</p>
  </text>
  <text anf_video_id="FAB4D9D6-2095-4042-B7F9-A5E1CC428F1B" beteckning="2016/17:5-23" datatyp="anforande" datum="2017-09-15 10:10:48" debatt_id="03F11EAC-D485-40E1-B6BA-13E9F0409DF9" debatt_titel="" debatt_typ="Interpellationssvar" dok_beteckning="591" dok_id="H410591" dok_intressent="" hangar_id="4539112" id="FAB4D9D6-2095-4042-B7F9-A5E1CC428F1B" intressent_id="d7c32690-83e4-11d4-ae60-0050040c9b55" klockslag="10:10:48" kon="male" nummer="23" parent_id="03F11EAC-D485-40E1-B6BA-13E9F0409DF9" parti="S" rm="2016/17" sekunder="243" systemdatum="2022-05-22 10:52:12" talare="Justitie- och inrikesminister Morgan Johansson (S)" typ="speech" video_id="03F11EAC-D485-40E1-B6BA-13E9F0409DF9" video_url="03F11EAC-D485-40E1-B6BA-13E9F0409DF9#444" voteringspunkt="">
    <p>Herr talman! Symbolpolitik, säger Ulf Kristersson. Jag kan nämna två saker som Ulf Kristersson kallar symbolpolitik, nämligen 10miljarder riktade statsbidrag till skolan - symbolpolitik - och 10miljarder generella statsbidrag för att värna välfärden - symbolpolitik. För Ulf Kristersson är allt som inte innebär skattesänkningar mest till dem som tjänar mest symbolpolitik. Det handlar bara om hur man definierar saker och ting.</p>
    <p>Man måste kunna ändra politiken när den inte längre fungerar, säger Ulf Kristersson. Det är intressant. Vi såg under Ulf Kristerssons tid i regeringen hur antalet marginaliserade områden ökade. Barnfattigdom och föräldrars ekonomiska utsatthet ökade när människor tvingades lämna a-kassan eller blev utförsäkrade av Kristerssons utförsäkringspolitik och i stället tvingades leva på försörjningsstöd.</p>
    <p>Storskaliga utförsäljningar av hyresrätter spädde på segregationen. Skolor och vårdcentraler etablerades framför allt i välmående områden. Till detta kom stora ofinansierade skattesänkningar som i huvudsak gick till dem som redan hade det gott ställt. Inget av detta kom av sig självt under era år vid makten, utan det var resultatet av medvetet fattade politiska beslut.</p>
    <p>Nu kan vi se problem med växande klyftor. Men det blir svårt. Ulf Kristersson säger också att man måste kunna ändra politiken när den inte längre fungerar. Hur skulle ett sjätte jobbskatteavdrag ge så mycket annorlunda effekt än vad nr1, 2, 3, 4 och 5 gjorde? På vilket sätt har kartan ritats om så att fler skattesänkningar ska sänka arbetslösheten när de inte gjorde det sist? Hur ska detta öka respekten för lag och ordning när det inte gjorde det sist? Hur ska skattesänkningar öka känslan av samhörighet, gemenskap och att hålla ihop vårt samhälle när de inte gjorde det sist?</p>
    <p>(Applåder)</p>
  </text>
  <text anf_video_id="64EE21C3-67B6-4DC1-953C-9CEFB5CDF74F" beteckning="2016/17:5-24" datatyp="anforande" datum="2017-09-15 10:14:51" debatt_id="03F11EAC-D485-40E1-B6BA-13E9F0409DF9" debatt_titel="" debatt_typ="Interpellationssvar" dok_beteckning="591" dok_id="H410591" dok_intressent="" hangar_id="4539113" id="64EE21C3-67B6-4DC1-953C-9CEFB5CDF74F" intressent_id="521898f1-51de-46ff-8701-d28b8a0e651d" klockslag="10:14:51" kon="male" nummer="24" parent_id="03F11EAC-D485-40E1-B6BA-13E9F0409DF9" parti="L" rm="2016/17" sekunder="220" systemdatum="2022-05-22 10:52:15" talare="Roger Haddad (L)" typ="speech" video_id="03F11EAC-D485-40E1-B6BA-13E9F0409DF9" video_url="03F11EAC-D485-40E1-B6BA-13E9F0409DF9#687" voteringspunkt="">
    <p>Herr talman! Jag säger att ni spretar på alla områden, och ni fokuserar inte på de stora problemen. Man kan värdera problem olika. Väljarna kan säga att ni inte tycker att de problem de beskriver är de stora samhällsproblemen, och därför gör ni andra saker i stället. Sådant handlar politik om. Då kan de rösta bort er och rösta in oss.</p>
    <p>För åtta tio år sedan identifierade Moderaterna två problem som vi ansåg vara fundamentala för Sverige. Det ena var att det lönade sig för lite att jobba. Det var för många som tyckte att det inte var värt att jobba lite mer än i dag eftersom marginalskatterna, beskattningen på arbete, var så höga. Ett av Sveriges stora samhällsproblem var att så många inte var beredda att jobba lite extra därför att staten tog pengarna från dem. Därför gjorde vi det mer lönsamt för människor med normala inkomster att jobba. Vi införde jobbskatteavdragen.</p>
    <p>Om jobbskatteavdragen varit så dåliga som finansministern säger hade finansministern tagit bort dem. Det finns skäl till att hon inte har gjort det.</p>
    <p>Debatt med anledning av budgetpropositionens avlämnande</p>
    <p>Det andra problemet vi identifierade var att alldeles för många människor lever på bidrag. För många människor hamnar i förtidspension fastän de har kapaciteter. Ni slösar bort kapaciteter i Sverige. Vi gjorde något åt det problemet också.</p>
    <p>Jag säger inte att vi löste alla problem. Jag säger inte att vi inte gjorde några misstag. Jag säger inte att vi inte ska vara självkritiska. Men jag säger att vi fokuserade på det vi tyckte var det riktigt stora bekymret och föresatte oss att göra något åt den saken.</p>
    <p>I dag ser den bilden lite annorlunda ut. Mycket färre människor förtidspensioneras. Det finns helt andra problem. Många människor släpps aldrig in på arbetsmarknaden. Det råder fortfarande en hög beskattning av de låga inkomsterna. Det stora problemet i Sverige är inte högavlönades skatter utan lågavlönades skatter, som tillsammans med bidragsnivåerna gör det mindre lönsamt att jobba än att leva på bidrag. Det är ett av Sveriges riktigt stora problem. Då löser vi det problemet och avstår från många andra saker som är mindre viktiga.</p>
    <p>(Applåder)</p>
  </text>
  <text anf_video_id="CB7722A4-C2DD-4A6D-A3E0-CC3284D646AC" beteckning="2016/17:5-25" datatyp="anforande" datum="2017-09-15 10:18:31" debatt_id="03F11EAC-D485-40E1-B6BA-13E9F0409DF9" debatt_titel="" debatt_typ="Interpellationssvar" dok_beteckning="591" dok_id="H410591" dok_intressent="" hangar_id="4539114" id="CB7722A4-C2DD-4A6D-A3E0-CC3284D646AC" intressent_id="d7c32690-83e4-11d4-ae60-0050040c9b55" klockslag="10:18:31" kon="male" nummer="25" parent_id="03F11EAC-D485-40E1-B6BA-13E9F0409DF9" parti="S" rm="2016/17" sekunder="243" systemdatum="2022-05-22 10:52:17" talare="Justitie- och inrikesminister Morgan Johansson (S)" typ="speech" video_id="03F11EAC-D485-40E1-B6BA-13E9F0409DF9" video_url="03F11EAC-D485-40E1-B6BA-13E9F0409DF9#907" voteringspunkt="">
    <p>Herr talman! Det var klargörande, men här finns uppenbarligen en stor skiljelinje. Jag tycker att det är mycket viktigt att vända skolresultaten. Jag tycker att skolan är en mycket prioriterad fråga. Det är därför som vi har satsat 10miljarder i riktade statsbidrag till skolan.</p>
    <p>När Ulf Kristersson nämner vilka problem han ser i Sverige tar han inte upp skolan. De andra sakerna han nämnde satsar regeringen också mycket på i budgeten, men regeringen tycker att också skolan är ett prioriterat område.</p>
    <p>För mig är det oerhört viktigt att alla barn som går i svensk skola ska få det stöd de behöver för att klara målen. Det är helt centralt för att bryta segregationen, bryta utanförskapet och se till att varenda unge, oavsett föräldrar, ska kunna växa, utvecklas och nå sin fulla potential. Det är en viktig prioritering, men det tycker inte Ulf Kristersson. Där skiljer vi oss åt.</p>
    <p>(Applåder)</p>
  </text>
  <text anf_video_id="106D1FE6-AB9D-4C6A-8001-F3FAA33F0EF0" beteckning="2016/17:5-26" datatyp="anforande" datum="2017-09-15 10:22:34" debatt_id="03F11EAC-D485-40E1-B6BA-13E9F0409DF9" debatt_titel="" debatt_typ="Interpellationssvar" dok_beteckning="591" dok_id="H410591" dok_intressent="" hangar_id="4539115" id="106D1FE6-AB9D-4C6A-8001-F3FAA33F0EF0" intressent_id="521898f1-51de-46ff-8701-d28b8a0e651d" klockslag="10:22:34" kon="male" nummer="26" parent_id="03F11EAC-D485-40E1-B6BA-13E9F0409DF9" parti="L" rm="2016/17" sekunder="121" systemdatum="2022-05-22 10:52:20" talare="Roger Haddad (L)" typ="speech" video_id="03F11EAC-D485-40E1-B6BA-13E9F0409DF9" video_url="03F11EAC-D485-40E1-B6BA-13E9F0409DF9#1150" voteringspunkt="">
    <p>Herr talman! Kvaliteten i skolan är ohyggligt viktig! Det är alldeles för många skolor i dag - offentliga och privata - som inte levererar den kvalitet som vi måste kräva, både för oss som betalar gemensamt och för de barn som lämnar skolan med bristande kunskaper.</p>
    <p>Vad gör ni då? Ni diskuterar om det ska vara 7 eller 8procents vinsttak i en obegriplig konstruktion. Ni kompenserar Sveriges kommuner med 10miljarder för att färre jobbar och betalar in skatt till dessa kommuner.</p>
    <p>Redan i våras gav vi 8miljarder extra bara till Sveriges skolor, till mer matte, till fler lärare, till högre lärarlöner, till bättre kontroll, till bättre inspektioner. Släpp inte ut en enda unge ur skolan utan de kunskaper de har rätt att kräva.</p>
    <p>Ni fortsätter att syssla med symboler i stället för att bita i problemen, identifiera problemen och sedan lägga fram trovärdiga lösningar.</p>
    <p>Debatt med anledning av budgetpropositionens avlämnande</p>
    <p>(Applåder)</p>
  </text>
  <text anf_video_id="6AF512A8-3980-439F-A883-099D569F6F73" beteckning="2016/17:5-27" datatyp="anforande" datum="2017-09-15 10:24:35" debatt_id="03F11EAC-D485-40E1-B6BA-13E9F0409DF9" debatt_titel="" debatt_typ="Interpellationssvar" dok_beteckning="591" dok_id="H410591" dok_intressent="" hangar_id="4539116" id="6AF512A8-3980-439F-A883-099D569F6F73" intressent_id="d7c32690-83e4-11d4-ae60-0050040c9b55" klockslag="10:24:35" kon="male" nummer="27" parent_id="03F11EAC-D485-40E1-B6BA-13E9F0409DF9" parti="S" rm="2016/17" sekunder="123" systemdatum="2022-05-22 10:52:22" talare="Justitie- och inrikesminister Morgan Johansson (S)" typ="speech" video_id="03F11EAC-D485-40E1-B6BA-13E9F0409DF9" video_url="03F11EAC-D485-40E1-B6BA-13E9F0409DF9#1271" voteringspunkt="">
    <p>Herr talman! I juni 2013 beslutade kammaren på Moderaternas initiativ om en i min mening fullständigt vansinnig lagstiftning. Man beslutade då att människor som bryter mot svensk lag genom att vistas i landet illegalt ska belönas genom att erbjudas sjukvård och tandvård, subventionerat av ärliga och hederliga skattebetalare.</p>
    <p>En del av Myndighetssverige fick därmed som uppgift att leta rätt på dessa individer, som alltså bryter mot lagen genom att vistas här illegalt, medan en annan del av Myndighetssverige agerade i motsatt riktning och underlättade och belönade det beteendet.</p>
    <p>Herr talman! Jag har en jätteenkel fråga till Ulf Kristersson: Står Moderaterna bakom detta beslut än i dag, med tanke på de konsekvenser det medförde, eller har man ändrat sig på denna punkt och alltså ångrar detta beslut?</p>
    <p>(Applåder)</p>
  </text>
  <text datatyp="uppgift" dok_id="H410591" kod="statustext" namn="statustext" systemdatum="2019-05-28 09:01:02">
    <p>Interpellationen är besvarad</p>
  </text>
</dokument>
